[2025-09-05 10:25:25] [INFO] ⏰ Labour Sequential Cron Scheduled Successfully
[2025-09-05 10:25:31] [INFO] ⏰ Labour Sequential Cron Scheduled Successfully
[2025-09-05 10:26:08] [INFO] ⏰ Labour Sequential Cron Scheduled Successfully
[2025-09-05 10:26:14] [INFO] ⏰ Labour Sequential Cron Scheduled Successfully
[2025-09-05 10:26:16] [INFO] ⏰ Labour Sequential Cron Scheduled Successfully
[2025-09-05 10:27:13] [INFO] ⏰ Labour Sequential Cron Scheduled Successfully
[2025-09-05 10:27:17] [INFO] ⏰ Labour Sequential Cron Scheduled Successfully
[2025-09-05 10:27:30] [INFO] ⏰ Labour Sequential Cron Scheduled Successfully
[2025-09-05 10:27:48] [INFO] ⏰ Labour Sequential Cron Scheduled Successfully
[2025-09-05 11:37:00] [INFO] ⏰ Running all shift jobs sequentially...
[2025-09-05 11:37:00] [INFO] Shift 1 (08:00 AM) - Job Started
[2025-09-05 11:39:57] [INFO] Shift 1 (08:00 AM) - Success: {"success":true,"message":"✅ Attendance update completed","window":{"startDate":"2025-08-06T00:00:00.000Z","endDateExclusive":"2025-09-05T00:00:00.000Z"},"totalPairs":1825,"processed":1825,"failed":0}
[2025-09-05 11:39:57] [INFO] Shift 2 (11:00 AM) - Job Started
[2025-09-05 11:42:17] [INFO] Shift 2 (11:00 AM) - Success: {"success":true,"message":"✅ Attendance update completed","window":{"startDate":"2025-08-06T00:00:00.000Z","endDateExclusive":"2025-09-05T00:00:00.000Z"},"totalPairs":1543,"processed":1543,"failed":0}
[2025-09-05 11:42:17] [INFO] Shift 3 (02:00 PM) - Job Started
[2025-09-05 11:44:31] [INFO] Shift 3 (02:00 PM) - Success: {"success":true,"message":"✅ Attendance update completed","window":{"startDate":"2025-08-06T00:00:00.000Z","endDateExclusive":"2025-09-05T00:00:00.000Z"},"totalPairs":1543,"processed":1543,"failed":0}
[2025-09-05 11:44:31] [INFO] ✅ All shift jobs completed sequentially.
[2025-09-05 12:14:02] [INFO] ⏰ Labour Sequential Cron Scheduled Successfully
[2025-09-05 12:14:04] [INFO] ⏰ Labour Sequential Cron Scheduled Successfully
[2025-09-05 12:14:40] [INFO] ⏰ Labour Sequential Cron Scheduled Successfully
[2025-09-05 12:18:06] [INFO] ⏰ Labour Sequential Cron Scheduled Successfully
[2025-09-05 12:18:20] [INFO] ⏰ Labour Sequential Cron Scheduled Successfully
[2025-09-05 12:21:50] [INFO] ⏰ Labour Sequential Cron Scheduled Successfully
[2025-09-05 12:21:52] [INFO] ⏰ Labour Sequential Cron Scheduled Successfully
[2025-09-05 12:22:06] [INFO] ⏰ Labour Sequential Cron Scheduled Successfully
[2025-09-05 12:22:14] [INFO] ⏰ Labour Sequential Cron Scheduled Successfully
[2025-09-05 12:24:01] [INFO] ⏰ Labour Sequential Cron Scheduled Successfully
[2025-09-05 12:24:42] [INFO] ⏰ Labour Sequential Cron Scheduled Successfully
[2025-09-05 12:32:18] [INFO] ⏰ Labour Sequential Cron Scheduled Successfully
[2025-09-05 12:32:26] [INFO] ⏰ Labour Sequential Cron Scheduled Successfully
[2025-09-05 12:32:33] [INFO] ⏰ Labour Sequential Cron Scheduled Successfully
[2025-09-05 12:32:34] [INFO] ⏰ Labour Sequential Cron Scheduled Successfully
[2025-09-05 13:07:18] [INFO] ⏰ Labour Sequential Cron Scheduled Successfully
[2025-09-05 13:09:12] [INFO] ⏰ Labour Sequential Cron Scheduled Successfully
[2025-09-05 13:09:45] [INFO] ⏰ Labour Sequential Cron Scheduled Successfully
[2025-09-05 13:10:34] [INFO] ⏰ Labour Sequential Cron Scheduled Successfully
[2025-09-05 13:10:38] [INFO] ⏰ Labour Sequential Cron Scheduled Successfully
[2025-09-05 13:10:41] [INFO] ⏰ Labour Sequential Cron Scheduled Successfully
[2025-09-05 13:10:59] [INFO] ⏰ Labour Sequential Cron Scheduled Successfully
[2025-09-05 13:16:57] [INFO] ⏰ Labour Sequential Cron Scheduled Successfully
[2025-09-05 13:17:06] [INFO] ⏰ Labour Sequential Cron Scheduled Successfully
[2025-09-05 14:56:13] [INFO] ⏰ Labour Sequential Cron Scheduled Successfully
[2025-09-05 15:03:34] [INFO] ⏰ Labour Sequential Cron Scheduled Successfully
[2025-09-05 15:03:45] [INFO] ⏰ Labour Sequential Cron Scheduled Successfully
[2025-09-05 15:03:49] [INFO] ⏰ Labour Sequential Cron Scheduled Successfully
[2025-09-05 15:04:23] [INFO] ⏰ Labour Sequential Cron Scheduled Successfully
[2025-09-05 15:04:31] [INFO] ⏰ Labour Sequential Cron Scheduled Successfully
[2025-09-05 15:04:48] [INFO] ⏰ Labour Sequential Cron Scheduled Successfully
[2025-09-05 15:06:43] [INFO] ⏰ Labour Sequential Cron Scheduled Successfully
[2025-09-05 15:06:44] [INFO] ⏰ Labour Sequential Cron Scheduled Successfully
[2025-09-05 15:06:50] [INFO] ⏰ Labour Sequential Cron Scheduled Successfully
[2025-09-05 15:09:04] [INFO] ⏰ Labour Sequential Cron Scheduled Successfully
[2025-09-05 15:09:07] [INFO] ⏰ Labour Sequential Cron Scheduled Successfully
[2025-09-05 15:10:54] [INFO] ⏰ Labour Sequential Cron Scheduled Successfully
[2025-09-05 15:12:36] [INFO] ⏰ Labour Sequential Cron Scheduled Successfully
[2025-09-05 15:20:30] [INFO] ⏰ Labour Sequential Cron Scheduled Successfully
[2025-09-05 15:20:34] [INFO] ⏰ Labour Sequential Cron Scheduled Successfully
[2025-09-05 15:20:40] [INFO] ⏰ Labour Sequential Cron Scheduled Successfully
[2025-09-05 15:21:03] [INFO] ⏰ Labour Sequential Cron Scheduled Successfully
[2025-09-05 15:21:39] [INFO] ⏰ Labour Sequential Cron Scheduled Successfully
[2025-09-05 15:27:21] [INFO] ⏰ Labour Sequential Cron Scheduled Successfully
[2025-09-05 15:27:25] [INFO] ⏰ Labour Sequential Cron Scheduled Successfully
[2025-09-05 15:27:32] [INFO] ⏰ Labour Sequential Cron Scheduled Successfully
[2025-09-05 15:27:34] [INFO] ⏰ Labour Sequential Cron Scheduled Successfully
[2025-09-05 15:27:42] [INFO] ⏰ Labour Sequential Cron Scheduled Successfully
[2025-09-05 15:41:14] [INFO] ⏰ Labour Sequential Cron Scheduled Successfully
[2025-09-05 15:41:26] [INFO] ⏰ Labour Sequential Cron Scheduled Successfully
[2025-09-05 15:41:30] [INFO] ⏰ Labour Sequential Cron Scheduled Successfully
[2025-09-05 15:41:34] [INFO] ⏰ Labour Sequential Cron Scheduled Successfully
[2025-09-05 15:43:27] [INFO] ⏰ Labour Sequential Cron Scheduled Successfully
[2025-09-05 15:43:33] [INFO] ⏰ Labour Sequential Cron Scheduled Successfully
[2025-09-05 15:43:42] [INFO] ⏰ Labour Sequential Cron Scheduled Successfully
[2025-09-05 15:44:03] [INFO] ⏰ Labour Sequential Cron Scheduled Successfully
[2025-09-05 15:44:16] [INFO] ⏰ Labour Sequential Cron Scheduled Successfully
[2025-09-05 15:44:20] [INFO] ⏰ Labour Sequential Cron Scheduled Successfully
[2025-09-05 15:46:46] [INFO] ⏰ Labour Sequential Cron Scheduled Successfully
[2025-09-05 15:47:52] [INFO] ⏰ Labour Sequential Cron Scheduled Successfully
[2025-09-05 15:48:10] [INFO] ⏰ Labour Sequential Cron Scheduled Successfully
[2025-09-05 15:48:19] [INFO] ⏰ Labour Sequential Cron Scheduled Successfully
[2025-09-05 15:49:13] [INFO] ⏰ Labour Sequential Cron Scheduled Successfully
[2025-09-05 15:56:53] [INFO] ⏰ Labour Sequential Cron Scheduled Successfully
[2025-09-05 15:59:56] [INFO] ⏰ Labour Sequential Cron Scheduled Successfully
[2025-09-05 16:01:17] [INFO] ⏰ Labour Sequential Cron Scheduled Successfully
[2025-09-05 16:01:21] [INFO] ⏰ Labour Sequential Cron Scheduled Successfully
[2025-09-05 16:20:02] [INFO] ⏰ Labour Sequential Cron Scheduled Successfully
[2025-09-05 16:23:44] [INFO] ⏰ Labour Sequential Cron Scheduled Successfully
[2025-09-05 16:26:35] [INFO] ⏰ Labour Sequential Cron Scheduled Successfully
[2025-09-05 16:28:34] [INFO] ⏰ Labour Sequential Cron Scheduled Successfully
[2025-09-05 16:29:18] [INFO] ⏰ Labour Sequential Cron Scheduled Successfully
[2025-09-05 16:29:25] [INFO] ⏰ Labour Sequential Cron Scheduled Successfully
[2025-09-05 16:29:30] [INFO] ⏰ Labour Sequential Cron Scheduled Successfully
[2025-09-05 16:31:00] [INFO] ⏰ Labour Sequential Cron Scheduled Successfully
[2025-09-05 16:33:42] [INFO] ⏰ Labour Sequential Cron Scheduled Successfully
[2025-09-05 16:33:56] [INFO] ⏰ Labour Sequential Cron Scheduled Successfully
[2025-09-05 16:36:23] [INFO] ⏰ Labour Sequential Cron Scheduled Successfully
[2025-09-05 16:36:32] [INFO] ⏰ Labour Sequential Cron Scheduled Successfully
[2025-09-05 16:36:37] [INFO] ⏰ Labour Sequential Cron Scheduled Successfully
[2025-09-05 16:37:04] [INFO] ⏰ Labour Sequential Cron Scheduled Successfully
[2025-09-05 16:37:07] [INFO] ⏰ Labour Sequential Cron Scheduled Successfully
[2025-09-05 16:37:12] [INFO] ⏰ Labour Sequential Cron Scheduled Successfully
[2025-09-05 16:37:16] [INFO] ⏰ Labour Sequential Cron Scheduled Successfully
[2025-09-05 16:39:40] [INFO] ⏰ Labour Sequential Cron Scheduled Successfully
[2025-09-05 16:39:46] [INFO] ⏰ Labour Sequential Cron Scheduled Successfully
[2025-09-05 16:39:49] [INFO] ⏰ Labour Sequential Cron Scheduled Successfully
[2025-09-05 16:40:26] [INFO] ⏰ Labour Sequential Cron Scheduled Successfully
[2025-09-05 16:40:40] [INFO] ⏰ Labour Sequential Cron Scheduled Successfully
[2025-09-05 16:41:35] [INFO] ⏰ Labour Sequential Cron Scheduled Successfully
[2025-09-05 16:42:07] [INFO] ⏰ Labour Sequential Cron Scheduled Successfully
[2025-09-05 16:48:22] [INFO] ⏰ Labour Sequential Cron Scheduled Successfully
