[2025-08-28 10:16:14] [INFO] ⏰ Labour Sequential Cron Scheduled Successfully
[2025-08-28 10:16:22] [INFO] ⏰ Labour Sequential Cron Scheduled Successfully
[2025-08-28 10:16:24] [INFO] ⏰ Labour Sequential Cron Scheduled Successfully
[2025-08-28 10:17:47] [INFO] ⏰ Labour Sequential Cron Scheduled Successfully
[2025-08-28 10:17:50] [INFO] ⏰ Labour Sequential Cron Scheduled Successfully
[2025-08-28 10:18:06] [INFO] ⏰ Labour Sequential Cron Scheduled Successfully
[2025-08-28 10:18:12] [INFO] ⏰ Labour Sequential Cron Scheduled Successfully
[2025-08-28 10:18:24] [INFO] ⏰ Labour Sequential Cron Scheduled Successfully
[2025-08-28 10:18:30] [INFO] ⏰ Labour Sequential Cron Scheduled Successfully
[2025-08-28 10:18:44] [INFO] ⏰ Labour Sequential Cron Scheduled Successfully
[2025-08-28 10:21:06] [INFO] ⏰ Labour Sequential Cron Scheduled Successfully
[2025-08-28 10:21:26] [INFO] ⏰ Labour Sequential Cron Scheduled Successfully
[2025-08-28 10:22:47] [INFO] ⏰ Labour Sequential Cron Scheduled Successfully
[2025-08-28 10:22:58] [INFO] ⏰ Labour Sequential Cron Scheduled Successfully
[2025-08-28 10:23:01] [INFO] ⏰ Labour Sequential Cron Scheduled Successfully
[2025-08-28 10:23:05] [INFO] ⏰ Labour Sequential Cron Scheduled Successfully
[2025-08-28 10:25:25] [INFO] ⏰ Labour Sequential Cron Scheduled Successfully
[2025-08-28 10:25:30] [INFO] ⏰ Labour Sequential Cron Scheduled Successfully
[2025-08-28 10:25:33] [INFO] ⏰ Labour Sequential Cron Scheduled Successfully
[2025-08-28 10:25:56] [INFO] ⏰ Labour Sequential Cron Scheduled Successfully
[2025-08-28 10:26:28] [INFO] ⏰ Labour Sequential Cron Scheduled Successfully
[2025-08-28 10:26:45] [INFO] ⏰ Labour Sequential Cron Scheduled Successfully
[2025-08-28 10:27:13] [INFO] ⏰ Labour Sequential Cron Scheduled Successfully
[2025-08-28 11:37:00] [INFO] ⏰ Running all shift jobs sequentially...
[2025-08-28 11:37:00] [INFO] Shift 1 (08:00 AM) - Job Started
[2025-08-28 11:38:50] [INFO] Shift 1 (08:00 AM) - Success: {"success":true,"message":"✅ Attendance update completed","window":{"startDate":"2025-07-29T00:00:00.000Z","endDateExclusive":"2025-08-28T00:00:00.000Z"},"totalPairs":1320,"processed":1320,"failed":0}
[2025-08-28 11:38:50] [INFO] Shift 2 (11:00 AM) - Job Started
[2025-08-28 11:40:34] [INFO] Shift 2 (11:00 AM) - Success: {"success":true,"message":"✅ Attendance update completed","window":{"startDate":"2025-07-29T00:00:00.000Z","endDateExclusive":"2025-08-28T00:00:00.000Z"},"totalPairs":1287,"processed":1287,"failed":0}
[2025-08-28 11:40:34] [INFO] Shift 3 (02:00 PM) - Job Started
[2025-08-28 11:42:36] [INFO] Shift 3 (02:00 PM) - Success: {"success":true,"message":"✅ Attendance update completed","window":{"startDate":"2025-07-29T00:00:00.000Z","endDateExclusive":"2025-08-28T00:00:00.000Z"},"totalPairs":1286,"processed":1286,"failed":0}
[2025-08-28 11:42:36] [INFO] ✅ All shift jobs completed sequentially.
[2025-08-28 11:54:03] [INFO] ⏰ Labour Sequential Cron Scheduled Successfully
[2025-08-28 11:59:22] [INFO] ⏰ Labour Sequential Cron Scheduled Successfully
[2025-08-28 11:59:33] [INFO] ⏰ Labour Sequential Cron Scheduled Successfully
