[2025-08-11 10:34:42] [INFO] ⏰ Labour Sequential Cron Scheduled Successfully
[2025-08-11 11:06:06] [INFO] ⏰ Labour Sequential Cron Scheduled Successfully
[2025-08-11 11:08:12] [INFO] ⏰ Labour Sequential Cron Scheduled Successfully
[2025-08-11 11:34:35] [INFO] ⏰ Labour Sequential Cron Scheduled Successfully
[2025-08-11 12:23:03] [INFO] ⏰ Labour Sequential Cron Scheduled Successfully
[2025-08-11 12:23:08] [INFO] ⏰ Labour Sequential Cron Scheduled Successfully
[2025-08-11 12:24:49] [INFO] ⏰ Labour Sequential Cron Scheduled Successfully
[2025-08-11 12:24:53] [INFO] ⏰ Labour Sequential Cron Scheduled Successfully
[2025-08-11 12:24:59] [INFO] ⏰ Labour Sequential Cron Scheduled Successfully
[2025-08-11 12:25:02] [INFO] ⏰ Labour Sequential Cron Scheduled Successfully
[2025-08-11 12:25:12] [INFO] ⏰ Labour Sequential Cron Scheduled Successfully
[2025-08-11 12:25:18] [INFO] ⏰ Labour Sequential Cron Scheduled Successfully
[2025-08-11 12:25:29] [INFO] ⏰ Labour Sequential Cron Scheduled Successfully
[2025-08-11 12:25:32] [INFO] ⏰ Labour Sequential Cron Scheduled Successfully
[2025-08-11 12:26:20] [INFO] ⏰ Labour Sequential Cron Scheduled Successfully
[2025-08-11 12:27:37] [INFO] ⏰ Labour Sequential Cron Scheduled Successfully
[2025-08-11 12:27:45] [INFO] ⏰ Labour Sequential Cron Scheduled Successfully
[2025-08-11 12:27:55] [INFO] ⏰ Labour Sequential Cron Scheduled Successfully
[2025-08-11 12:28:03] [INFO] ⏰ Labour Sequential Cron Scheduled Successfully
[2025-08-11 12:28:08] [INFO] ⏰ Labour Sequential Cron Scheduled Successfully
[2025-08-11 12:28:12] [INFO] ⏰ Labour Sequential Cron Scheduled Successfully
[2025-08-11 12:28:20] [INFO] ⏰ Labour Sequential Cron Scheduled Successfully
[2025-08-11 12:28:29] [INFO] ⏰ Labour Sequential Cron Scheduled Successfully
[2025-08-11 12:28:31] [INFO] ⏰ Labour Sequential Cron Scheduled Successfully
[2025-08-11 12:28:51] [INFO] ⏰ Labour Sequential Cron Scheduled Successfully
[2025-08-11 12:28:54] [INFO] ⏰ Labour Sequential Cron Scheduled Successfully
[2025-08-11 12:29:01] [INFO] ⏰ Labour Sequential Cron Scheduled Successfully
[2025-08-11 12:29:05] [INFO] ⏰ Labour Sequential Cron Scheduled Successfully
[2025-08-11 12:29:58] [INFO] ⏰ Labour Sequential Cron Scheduled Successfully
[2025-08-11 12:30:04] [INFO] ⏰ Labour Sequential Cron Scheduled Successfully
[2025-08-11 12:30:11] [INFO] ⏰ Labour Sequential Cron Scheduled Successfully
[2025-08-11 12:30:15] [INFO] ⏰ Labour Sequential Cron Scheduled Successfully
[2025-08-11 12:30:19] [INFO] ⏰ Labour Sequential Cron Scheduled Successfully
[2025-08-11 12:30:30] [INFO] ⏰ Labour Sequential Cron Scheduled Successfully
[2025-08-11 12:30:39] [INFO] ⏰ Labour Sequential Cron Scheduled Successfully
[2025-08-11 12:31:32] [INFO] ⏰ Labour Sequential Cron Scheduled Successfully
[2025-08-11 12:31:40] [INFO] ⏰ Labour Sequential Cron Scheduled Successfully
[2025-08-11 12:31:49] [INFO] ⏰ Labour Sequential Cron Scheduled Successfully
[2025-08-11 12:31:52] [INFO] ⏰ Labour Sequential Cron Scheduled Successfully
[2025-08-11 12:31:57] [INFO] ⏰ Labour Sequential Cron Scheduled Successfully
[2025-08-11 12:32:01] [INFO] ⏰ Labour Sequential Cron Scheduled Successfully
[2025-08-11 12:32:22] [INFO] ⏰ Labour Sequential Cron Scheduled Successfully
[2025-08-11 12:32:30] [INFO] ⏰ Labour Sequential Cron Scheduled Successfully
[2025-08-11 12:32:46] [INFO] ⏰ Labour Sequential Cron Scheduled Successfully
[2025-08-11 12:33:48] [INFO] ⏰ Labour Sequential Cron Scheduled Successfully
[2025-08-11 12:33:56] [INFO] ⏰ Labour Sequential Cron Scheduled Successfully
[2025-08-11 12:34:04] [INFO] ⏰ Labour Sequential Cron Scheduled Successfully
[2025-08-11 12:34:10] [INFO] ⏰ Labour Sequential Cron Scheduled Successfully
[2025-08-11 12:34:15] [INFO] ⏰ Labour Sequential Cron Scheduled Successfully
[2025-08-11 12:34:27] [INFO] ⏰ Labour Sequential Cron Scheduled Successfully
[2025-08-11 12:34:55] [INFO] ⏰ Labour Sequential Cron Scheduled Successfully
[2025-08-11 12:34:59] [INFO] ⏰ Labour Sequential Cron Scheduled Successfully
[2025-08-11 13:07:59] [INFO] ⏰ Labour Sequential Cron Scheduled Successfully
[2025-08-11 13:08:00] [INFO] ⏰ Running all shift jobs sequentially...
[2025-08-11 13:08:00] [INFO] Shift 1 (08:00 AM) - Job Started
[2025-08-11 13:08:21] [INFO] ⏰ Labour Sequential Cron Scheduled Successfully
[2025-08-11 13:08:40] [INFO] ⏰ Labour Sequential Cron Scheduled Successfully
[2025-08-11 13:08:51] [INFO] ⏰ Labour Sequential Cron Scheduled Successfully
[2025-08-11 13:09:05] [INFO] ⏰ Labour Sequential Cron Scheduled Successfully
[2025-08-11 13:09:07] [INFO] ⏰ Labour Sequential Cron Scheduled Successfully
[2025-08-11 13:09:11] [INFO] ⏰ Labour Sequential Cron Scheduled Successfully
[2025-08-11 13:09:50] [INFO] ⏰ Labour Sequential Cron Scheduled Successfully
[2025-08-11 13:10:34] [INFO] ⏰ Labour Sequential Cron Scheduled Successfully
[2025-08-11 13:10:47] [INFO] ⏰ Labour Sequential Cron Scheduled Successfully
[2025-08-11 13:10:55] [INFO] ⏰ Labour Sequential Cron Scheduled Successfully
[2025-08-11 13:11:02] [INFO] ⏰ Labour Sequential Cron Scheduled Successfully
[2025-08-11 13:11:06] [INFO] ⏰ Labour Sequential Cron Scheduled Successfully
[2025-08-11 13:11:12] [INFO] ⏰ Labour Sequential Cron Scheduled Successfully
[2025-08-11 13:11:19] [INFO] ⏰ Labour Sequential Cron Scheduled Successfully
[2025-08-11 13:11:23] [INFO] ⏰ Labour Sequential Cron Scheduled Successfully
[2025-08-11 13:11:31] [INFO] ⏰ Labour Sequential Cron Scheduled Successfully
[2025-08-11 13:11:34] [INFO] ⏰ Labour Sequential Cron Scheduled Successfully
[2025-08-11 13:12:21] [INFO] ⏰ Labour Sequential Cron Scheduled Successfully
[2025-08-11 13:12:44] [INFO] ⏰ Labour Sequential Cron Scheduled Successfully
[2025-08-11 13:12:49] [INFO] ⏰ Labour Sequential Cron Scheduled Successfully
[2025-08-11 13:12:57] [INFO] ⏰ Labour Sequential Cron Scheduled Successfully
[2025-08-11 13:13:06] [INFO] ⏰ Labour Sequential Cron Scheduled Successfully
[2025-08-11 13:13:12] [INFO] ⏰ Labour Sequential Cron Scheduled Successfully
[2025-08-11 13:13:22] [INFO] ⏰ Labour Sequential Cron Scheduled Successfully
[2025-08-11 13:13:34] [INFO] ⏰ Labour Sequential Cron Scheduled Successfully
[2025-08-11 13:15:54] [INFO] ⏰ Labour Sequential Cron Scheduled Successfully
[2025-08-11 13:18:22] [INFO] ⏰ Labour Sequential Cron Scheduled Successfully
[2025-08-11 13:23:09] [INFO] ⏰ Labour Sequential Cron Scheduled Successfully
[2025-08-11 13:23:28] [INFO] ⏰ Labour Sequential Cron Scheduled Successfully
[2025-08-11 13:23:34] [INFO] ⏰ Labour Sequential Cron Scheduled Successfully
[2025-08-11 13:23:38] [INFO] ⏰ Labour Sequential Cron Scheduled Successfully
[2025-08-11 13:23:42] [INFO] ⏰ Labour Sequential Cron Scheduled Successfully
[2025-08-11 13:23:48] [INFO] ⏰ Labour Sequential Cron Scheduled Successfully
[2025-08-11 13:23:50] [INFO] ⏰ Labour Sequential Cron Scheduled Successfully
[2025-08-11 13:24:02] [INFO] ⏰ Labour Sequential Cron Scheduled Successfully
[2025-08-11 13:24:24] [INFO] ⏰ Labour Sequential Cron Scheduled Successfully
[2025-08-11 13:24:27] [INFO] ⏰ Labour Sequential Cron Scheduled Successfully
[2025-08-11 13:24:40] [INFO] ⏰ Labour Sequential Cron Scheduled Successfully
[2025-08-11 13:26:47] [INFO] ⏰ Labour Sequential Cron Scheduled Successfully
[2025-08-11 13:27:18] [INFO] ⏰ Labour Sequential Cron Scheduled Successfully
[2025-08-11 14:35:06] [INFO] ⏰ Labour Sequential Cron Scheduled Successfully
[2025-08-11 14:35:11] [INFO] ⏰ Labour Sequential Cron Scheduled Successfully
[2025-08-11 14:35:21] [INFO] ⏰ Labour Sequential Cron Scheduled Successfully
[2025-08-11 14:35:24] [INFO] ⏰ Labour Sequential Cron Scheduled Successfully
[2025-08-11 14:35:29] [INFO] ⏰ Labour Sequential Cron Scheduled Successfully
[2025-08-11 14:38:47] [INFO] ⏰ Labour Sequential Cron Scheduled Successfully
[2025-08-11 14:39:20] [INFO] ⏰ Labour Sequential Cron Scheduled Successfully
[2025-08-11 14:39:37] [INFO] ⏰ Labour Sequential Cron Scheduled Successfully
[2025-08-11 14:39:44] [INFO] ⏰ Labour Sequential Cron Scheduled Successfully
[2025-08-11 14:39:53] [INFO] ⏰ Labour Sequential Cron Scheduled Successfully
[2025-08-11 14:39:56] [INFO] ⏰ Labour Sequential Cron Scheduled Successfully
[2025-08-11 14:40:11] [INFO] ⏰ Labour Sequential Cron Scheduled Successfully
[2025-08-11 14:40:18] [INFO] ⏰ Labour Sequential Cron Scheduled Successfully
[2025-08-11 14:40:23] [INFO] ⏰ Labour Sequential Cron Scheduled Successfully
[2025-08-11 14:40:50] [INFO] ⏰ Labour Sequential Cron Scheduled Successfully
[2025-08-11 14:41:57] [INFO] ⏰ Labour Sequential Cron Scheduled Successfully
[2025-08-11 14:42:03] [INFO] ⏰ Labour Sequential Cron Scheduled Successfully
[2025-08-11 14:50:07] [INFO] ⏰ Labour Sequential Cron Scheduled Successfully
[2025-08-11 14:52:24] [INFO] ⏰ Labour Sequential Cron Scheduled Successfully
[2025-08-11 14:52:40] [INFO] ⏰ Labour Sequential Cron Scheduled Successfully
[2025-08-11 14:53:30] [INFO] ⏰ Labour Sequential Cron Scheduled Successfully
[2025-08-11 14:53:37] [INFO] ⏰ Labour Sequential Cron Scheduled Successfully
[2025-08-11 14:55:40] [INFO] ⏰ Labour Sequential Cron Scheduled Successfully
[2025-08-11 14:55:53] [INFO] ⏰ Labour Sequential Cron Scheduled Successfully
[2025-08-11 14:57:26] [INFO] ⏰ Labour Sequential Cron Scheduled Successfully
[2025-08-11 14:57:31] [INFO] ⏰ Labour Sequential Cron Scheduled Successfully
[2025-08-11 15:02:55] [INFO] ⏰ Labour Sequential Cron Scheduled Successfully
[2025-08-11 15:03:14] [INFO] ⏰ Labour Sequential Cron Scheduled Successfully
[2025-08-11 15:03:25] [INFO] ⏰ Labour Sequential Cron Scheduled Successfully
[2025-08-11 15:03:33] [INFO] ⏰ Labour Sequential Cron Scheduled Successfully
[2025-08-11 15:04:14] [INFO] ⏰ Labour Sequential Cron Scheduled Successfully
[2025-08-11 15:04:55] [INFO] ⏰ Labour Sequential Cron Scheduled Successfully
[2025-08-11 15:05:33] [INFO] ⏰ Labour Sequential Cron Scheduled Successfully
[2025-08-11 15:06:27] [INFO] ⏰ Labour Sequential Cron Scheduled Successfully
[2025-08-11 15:06:30] [INFO] ⏰ Labour Sequential Cron Scheduled Successfully
[2025-08-11 15:06:34] [INFO] ⏰ Labour Sequential Cron Scheduled Successfully
[2025-08-11 15:06:42] [INFO] ⏰ Labour Sequential Cron Scheduled Successfully
[2025-08-11 15:06:46] [INFO] ⏰ Labour Sequential Cron Scheduled Successfully
[2025-08-11 15:06:55] [INFO] ⏰ Labour Sequential Cron Scheduled Successfully
[2025-08-11 15:06:59] [INFO] ⏰ Labour Sequential Cron Scheduled Successfully
[2025-08-11 15:07:01] [INFO] ⏰ Labour Sequential Cron Scheduled Successfully
[2025-08-11 15:07:04] [INFO] ⏰ Labour Sequential Cron Scheduled Successfully
[2025-08-11 15:07:06] [INFO] ⏰ Labour Sequential Cron Scheduled Successfully
[2025-08-11 15:07:08] [INFO] ⏰ Labour Sequential Cron Scheduled Successfully
[2025-08-11 15:07:11] [INFO] ⏰ Labour Sequential Cron Scheduled Successfully
[2025-08-11 15:08:41] [INFO] ⏰ Labour Sequential Cron Scheduled Successfully
[2025-08-11 15:12:25] [INFO] ⏰ Labour Sequential Cron Scheduled Successfully
[2025-08-11 15:12:35] [INFO] ⏰ Labour Sequential Cron Scheduled Successfully
[2025-08-11 15:12:36] [INFO] ⏰ Labour Sequential Cron Scheduled Successfully
[2025-08-11 15:12:51] [INFO] ⏰ Labour Sequential Cron Scheduled Successfully
[2025-08-11 15:13:21] [INFO] ⏰ Labour Sequential Cron Scheduled Successfully
[2025-08-11 15:13:31] [INFO] ⏰ Labour Sequential Cron Scheduled Successfully
[2025-08-11 15:14:08] [INFO] ⏰ Labour Sequential Cron Scheduled Successfully
[2025-08-11 15:16:27] [INFO] ⏰ Labour Sequential Cron Scheduled Successfully
[2025-08-11 15:17:42] [INFO] ⏰ Labour Sequential Cron Scheduled Successfully
[2025-08-11 15:17:52] [INFO] ⏰ Labour Sequential Cron Scheduled Successfully
[2025-08-11 15:18:03] [INFO] ⏰ Labour Sequential Cron Scheduled Successfully
[2025-08-11 15:18:49] [INFO] ⏰ Labour Sequential Cron Scheduled Successfully
[2025-08-11 15:18:51] [INFO] ⏰ Labour Sequential Cron Scheduled Successfully
[2025-08-11 15:18:53] [INFO] ⏰ Labour Sequential Cron Scheduled Successfully
[2025-08-11 15:23:37] [INFO] ⏰ Labour Sequential Cron Scheduled Successfully
[2025-08-11 15:24:35] [INFO] ⏰ Labour Sequential Cron Scheduled Successfully
[2025-08-11 15:24:38] [INFO] ⏰ Labour Sequential Cron Scheduled Successfully
[2025-08-11 15:26:20] [INFO] ⏰ Labour Sequential Cron Scheduled Successfully
[2025-08-11 15:26:27] [INFO] ⏰ Labour Sequential Cron Scheduled Successfully
[2025-08-11 15:26:35] [INFO] ⏰ Labour Sequential Cron Scheduled Successfully
[2025-08-11 15:26:44] [INFO] ⏰ Labour Sequential Cron Scheduled Successfully
[2025-08-11 15:26:46] [INFO] ⏰ Labour Sequential Cron Scheduled Successfully
[2025-08-11 15:27:23] [INFO] ⏰ Labour Sequential Cron Scheduled Successfully
[2025-08-11 15:27:25] [INFO] ⏰ Labour Sequential Cron Scheduled Successfully
[2025-08-11 15:27:27] [INFO] ⏰ Labour Sequential Cron Scheduled Successfully
[2025-08-11 15:27:30] [INFO] ⏰ Labour Sequential Cron Scheduled Successfully
[2025-08-11 15:27:36] [INFO] ⏰ Labour Sequential Cron Scheduled Successfully
[2025-08-11 15:27:58] [INFO] ⏰ Labour Sequential Cron Scheduled Successfully
[2025-08-11 15:28:04] [INFO] ⏰ Labour Sequential Cron Scheduled Successfully
[2025-08-11 15:28:21] [INFO] ⏰ Labour Sequential Cron Scheduled Successfully
[2025-08-11 15:28:41] [INFO] ⏰ Labour Sequential Cron Scheduled Successfully
[2025-08-11 15:28:58] [INFO] ⏰ Labour Sequential Cron Scheduled Successfully
[2025-08-11 15:36:10] [INFO] ⏰ Labour Sequential Cron Scheduled Successfully
[2025-08-11 15:36:21] [INFO] ⏰ Labour Sequential Cron Scheduled Successfully
[2025-08-11 15:36:28] [INFO] ⏰ Labour Sequential Cron Scheduled Successfully
[2025-08-11 15:36:29] [INFO] ⏰ Labour Sequential Cron Scheduled Successfully
[2025-08-11 15:36:42] [INFO] ⏰ Labour Sequential Cron Scheduled Successfully
[2025-08-11 15:37:38] [INFO] ⏰ Labour Sequential Cron Scheduled Successfully
[2025-08-11 15:38:14] [INFO] Shift 1 (08:00 AM) - Job Started
[2025-08-11 15:38:14] [INFO] ⏰ Labour Sequential Cron Scheduled Successfully
[2025-08-11 15:40:25] [INFO] ⏰ Labour Sequential Cron Scheduled Successfully
[2025-08-11 15:41:12] [INFO] ⏰ Labour Sequential Cron Scheduled Successfully
[2025-08-11 15:41:27] [INFO] ⏰ Labour Sequential Cron Scheduled Successfully
[2025-08-11 15:41:42] [INFO] ⏰ Labour Sequential Cron Scheduled Successfully
[2025-08-11 15:41:50] [INFO] ⏰ Labour Sequential Cron Scheduled Successfully
[2025-08-11 15:41:55] [INFO] ⏰ Labour Sequential Cron Scheduled Successfully
[2025-08-11 15:42:01] [INFO] ⏰ Labour Sequential Cron Scheduled Successfully
[2025-08-11 15:42:15] [INFO] Shift 1 (08:00 AM) - Job Started
[2025-08-11 15:42:15] [INFO] ⏰ Labour Sequential Cron Scheduled Successfully
[2025-08-11 15:42:18] [INFO] Shift 1 (08:00 AM) - Success: {"success":true,"message":"✅ Attendance update completed","totalNullFirstPunch":1,"matchedCount":1,"matchedLabourIds":["JC0617"]}
[2025-08-11 15:42:18] [INFO] Shift 2 (11:00 AM) - Job Started
[2025-08-11 15:42:20] [INFO] Shift 2 (11:00 AM) - Success: {"success":true,"message":"✅ Attendance update completed","totalNullFirstPunch":1,"matchedCount":1,"matchedLabourIds":["JC0617"]}
[2025-08-11 15:42:20] [INFO] Shift 3 (02:00 PM) - Job Started
[2025-08-11 15:42:21] [INFO] Shift 3 (02:00 PM) - Success: {"success":true,"message":"✅ Attendance update completed","totalNullFirstPunch":1,"matchedCount":1,"matchedLabourIds":["JC0617"]}
[2025-08-11 15:42:21] [INFO] ✅ All shift jobs completed sequentially.
[2025-08-11 15:44:34] [INFO] Shift 1 (08:00 AM) - Job Started
[2025-08-11 15:44:34] [INFO] ⏰ Labour Sequential Cron Scheduled Successfully
[2025-08-11 15:44:35] [INFO] Shift 1 (08:00 AM) - Success: {"success":true,"message":"✅ Attendance update completed","totalNullFirstPunch":1,"matchedCount":1,"matchedLabourIds":["JC0617"]}
[2025-08-11 15:44:35] [INFO] Shift 2 (11:00 AM) - Job Started
[2025-08-11 15:44:35] [INFO] Shift 2 (11:00 AM) - Success: {"success":true,"message":"✅ Attendance update completed","totalNullFirstPunch":1,"matchedCount":1,"matchedLabourIds":["JC0617"]}
[2025-08-11 15:44:35] [INFO] Shift 3 (02:00 PM) - Job Started
[2025-08-11 15:44:36] [INFO] Shift 3 (02:00 PM) - Success: {"success":true,"message":"✅ Attendance update completed","totalNullFirstPunch":1,"matchedCount":1,"matchedLabourIds":["JC0617"]}
[2025-08-11 15:44:36] [INFO] ✅ All shift jobs completed sequentially.
[2025-08-11 15:44:39] [INFO] Shift 1 (08:00 AM) - Job Started
[2025-08-11 15:44:39] [INFO] ⏰ Labour Sequential Cron Scheduled Successfully
[2025-08-11 15:44:40] [INFO] Shift 1 (08:00 AM) - Success: {"success":true,"message":"✅ Attendance update completed","totalNullFirstPunch":1,"matchedCount":1,"matchedLabourIds":["JC0617"]}
[2025-08-11 15:44:40] [INFO] Shift 2 (11:00 AM) - Job Started
[2025-08-11 15:44:44] [INFO] Shift 1 (08:00 AM) - Job Started
[2025-08-11 15:44:44] [INFO] ⏰ Labour Sequential Cron Scheduled Successfully
[2025-08-11 15:44:46] [INFO] Shift 1 (08:00 AM) - Success: {"success":true,"message":"✅ Attendance update completed","totalNullFirstPunch":1,"matchedCount":1,"matchedLabourIds":["JC0617"]}
[2025-08-11 15:44:46] [INFO] Shift 2 (11:00 AM) - Job Started
[2025-08-11 15:44:46] [INFO] Shift 2 (11:00 AM) - Success: {"success":true,"message":"✅ Attendance update completed","totalNullFirstPunch":1,"matchedCount":1,"matchedLabourIds":["JC0617"]}
[2025-08-11 15:44:46] [INFO] Shift 3 (02:00 PM) - Job Started
[2025-08-11 15:44:47] [INFO] Shift 3 (02:00 PM) - Success: {"success":true,"message":"✅ Attendance update completed","totalNullFirstPunch":1,"matchedCount":1,"matchedLabourIds":["JC0617"]}
[2025-08-11 15:44:47] [INFO] ✅ All shift jobs completed sequentially.
[2025-08-11 15:44:53] [INFO] Shift 1 (08:00 AM) - Job Started
[2025-08-11 15:44:53] [INFO] ⏰ Labour Sequential Cron Scheduled Successfully
[2025-08-11 15:44:54] [INFO] Shift 1 (08:00 AM) - Success: {"success":true,"message":"✅ Attendance update completed","totalNullFirstPunch":1,"matchedCount":1,"matchedLabourIds":["JC0617"]}
[2025-08-11 15:44:54] [INFO] Shift 2 (11:00 AM) - Job Started
[2025-08-11 15:44:55] [INFO] Shift 2 (11:00 AM) - Success: {"success":true,"message":"✅ Attendance update completed","totalNullFirstPunch":1,"matchedCount":1,"matchedLabourIds":["JC0617"]}
[2025-08-11 15:44:55] [INFO] Shift 3 (02:00 PM) - Job Started
[2025-08-11 15:44:56] [INFO] Shift 3 (02:00 PM) - Success: {"success":true,"message":"✅ Attendance update completed","totalNullFirstPunch":1,"matchedCount":1,"matchedLabourIds":["JC0617"]}
[2025-08-11 15:44:56] [INFO] ✅ All shift jobs completed sequentially.
[2025-08-11 15:45:06] [INFO] ⏰ Labour Sequential Cron Scheduled Successfully
[2025-08-11 15:45:26] [INFO] Shift 1 (08:00 AM) - Job Started
[2025-08-11 15:45:26] [INFO] ⏰ Labour Sequential Cron Scheduled Successfully
[2025-08-11 15:45:28] [INFO] Shift 1 (08:00 AM) - Success: {"success":true,"message":"✅ Attendance update completed","totalNullFirstPunch":1,"matchedCount":1,"matchedLabourIds":["JC0617"]}
[2025-08-11 15:45:28] [INFO] Shift 2 (11:00 AM) - Job Started
[2025-08-11 15:45:29] [INFO] Shift 2 (11:00 AM) - Success: {"success":true,"message":"✅ Attendance update completed","totalNullFirstPunch":1,"matchedCount":1,"matchedLabourIds":["JC0617"]}
[2025-08-11 15:45:29] [INFO] Shift 3 (02:00 PM) - Job Started
[2025-08-11 15:45:30] [INFO] Shift 3 (02:00 PM) - Success: {"success":true,"message":"✅ Attendance update completed","totalNullFirstPunch":1,"matchedCount":1,"matchedLabourIds":["JC0617"]}
[2025-08-11 15:45:30] [INFO] ✅ All shift jobs completed sequentially.
[2025-08-11 15:45:33] [INFO] ⏰ Labour Sequential Cron Scheduled Successfully
[2025-08-11 15:46:23] [INFO] ⏰ Labour Sequential Cron Scheduled Successfully
[2025-08-11 16:05:11] [INFO] ⏰ Labour Sequential Cron Scheduled Successfully
[2025-08-11 16:05:14] [INFO] ⏰ Labour Sequential Cron Scheduled Successfully
[2025-08-11 16:05:30] [INFO] ⏰ Labour Sequential Cron Scheduled Successfully
[2025-08-11 16:05:31] [INFO] ⏰ Labour Sequential Cron Scheduled Successfully
[2025-08-11 16:05:34] [INFO] ⏰ Labour Sequential Cron Scheduled Successfully
[2025-08-11 16:05:37] [INFO] ⏰ Labour Sequential Cron Scheduled Successfully
[2025-08-11 16:05:43] [INFO] ⏰ Labour Sequential Cron Scheduled Successfully
[2025-08-11 16:05:44] [INFO] ⏰ Labour Sequential Cron Scheduled Successfully
[2025-08-11 16:05:56] [INFO] ⏰ Labour Sequential Cron Scheduled Successfully
[2025-08-11 16:06:09] [INFO] ⏰ Labour Sequential Cron Scheduled Successfully
[2025-08-11 16:11:28] [INFO] ⏰ Labour Sequential Cron Scheduled Successfully
[2025-08-11 16:13:20] [INFO] ⏰ Labour Sequential Cron Scheduled Successfully
[2025-08-11 16:14:18] [INFO] ⏰ Labour Sequential Cron Scheduled Successfully
[2025-08-11 16:14:27] [INFO] ⏰ Labour Sequential Cron Scheduled Successfully
[2025-08-11 16:14:43] [INFO] ⏰ Labour Sequential Cron Scheduled Successfully
[2025-08-11 16:14:46] [INFO] ⏰ Labour Sequential Cron Scheduled Successfully
[2025-08-11 16:15:02] [INFO] ⏰ Labour Sequential Cron Scheduled Successfully
[2025-08-11 16:15:11] [INFO] ⏰ Labour Sequential Cron Scheduled Successfully
[2025-08-11 16:15:22] [INFO] ⏰ Labour Sequential Cron Scheduled Successfully
[2025-08-11 16:15:57] [INFO] ⏰ Labour Sequential Cron Scheduled Successfully
[2025-08-11 16:15:59] [INFO] Shift 1 (08:00 AM) - Job Started
[2025-08-11 16:15:59] [INFO] ⏰ Labour Sequential Cron Scheduled Successfully
[2025-08-11 16:16:00] [INFO] Shift 1 (08:00 AM) - Success: {"success":true,"message":"✅ Attendance update completed","window":{"startDate":"2025-07-13T00:00:00.000Z","endDateExclusive":"2025-08-12T00:00:00.000Z"},"totalPairs":1,"processed":1,"failed":0}
[2025-08-11 16:16:00] [INFO] Shift 2 (11:00 AM) - Job Started
[2025-08-11 16:16:00] [INFO] Shift 2 (11:00 AM) - Success: {"success":true,"message":"✅ Attendance update completed","window":{"startDate":"2025-07-13T00:00:00.000Z","endDateExclusive":"2025-08-12T00:00:00.000Z"},"totalPairs":1,"processed":1,"failed":0}
[2025-08-11 16:16:00] [INFO] Shift 3 (02:00 PM) - Job Started
[2025-08-11 16:16:01] [INFO] Shift 3 (02:00 PM) - Success: {"success":true,"message":"✅ Attendance update completed","window":{"startDate":"2025-07-13T00:00:00.000Z","endDateExclusive":"2025-08-12T00:00:00.000Z"},"totalPairs":1,"processed":1,"failed":0}
[2025-08-11 16:16:01] [INFO] ✅ All shift jobs completed sequentially.
[2025-08-11 16:20:16] [INFO] Shift 1 (08:00 AM) - Job Started
[2025-08-11 16:20:16] [INFO] ⏰ Labour Sequential Cron Scheduled Successfully
[2025-08-11 16:20:17] [INFO] Shift 1 (08:00 AM) - Success: {"success":true,"message":"✅ Attendance update completed","window":{"startDate":"2025-07-13T00:00:00.000Z","endDateExclusive":"2025-08-12T00:00:00.000Z"},"totalPairs":1,"processed":1,"failed":0}
[2025-08-11 16:20:17] [INFO] Shift 2 (11:00 AM) - Job Started
[2025-08-11 16:20:17] [INFO] Shift 2 (11:00 AM) - Success: {"success":true,"message":"✅ Attendance update completed","window":{"startDate":"2025-07-13T00:00:00.000Z","endDateExclusive":"2025-08-12T00:00:00.000Z"},"totalPairs":1,"processed":1,"failed":0}
[2025-08-11 16:20:17] [INFO] Shift 3 (02:00 PM) - Job Started
[2025-08-11 16:20:18] [INFO] Shift 3 (02:00 PM) - Success: {"success":true,"message":"✅ Attendance update completed","window":{"startDate":"2025-07-13T00:00:00.000Z","endDateExclusive":"2025-08-12T00:00:00.000Z"},"totalPairs":1,"processed":1,"failed":0}
[2025-08-11 16:20:18] [INFO] ✅ All shift jobs completed sequentially.
[2025-08-11 16:20:23] [INFO] Shift 1 (08:00 AM) - Job Started
[2025-08-11 16:20:23] [INFO] ⏰ Labour Sequential Cron Scheduled Successfully
[2025-08-11 16:20:24] [INFO] Shift 1 (08:00 AM) - Success: {"success":true,"message":"✅ Attendance update completed","window":{"startDate":"2025-07-13T00:00:00.000Z","endDateExclusive":"2025-08-12T00:00:00.000Z"},"totalPairs":1,"processed":1,"failed":0}
[2025-08-11 16:20:24] [INFO] Shift 2 (11:00 AM) - Job Started
[2025-08-11 16:20:24] [INFO] Shift 2 (11:00 AM) - Success: {"success":true,"message":"✅ Attendance update completed","window":{"startDate":"2025-07-13T00:00:00.000Z","endDateExclusive":"2025-08-12T00:00:00.000Z"},"totalPairs":1,"processed":1,"failed":0}
[2025-08-11 16:20:24] [INFO] Shift 3 (02:00 PM) - Job Started
[2025-08-11 16:20:24] [INFO] Shift 3 (02:00 PM) - Success: {"success":true,"message":"✅ Attendance update completed","window":{"startDate":"2025-07-13T00:00:00.000Z","endDateExclusive":"2025-08-12T00:00:00.000Z"},"totalPairs":1,"processed":1,"failed":0}
[2025-08-11 16:20:24] [INFO] ✅ All shift jobs completed sequentially.
[2025-08-11 16:21:18] [INFO] Shift 1 (08:00 AM) - Job Started
[2025-08-11 16:21:18] [INFO] ⏰ Labour Sequential Cron Scheduled Successfully
[2025-08-11 16:21:19] [INFO] Shift 1 (08:00 AM) - Job Started
[2025-08-11 16:21:19] [INFO] ⏰ Labour Sequential Cron Scheduled Successfully
[2025-08-11 16:21:21] [INFO] Shift 1 (08:00 AM) - Success: {"success":true,"message":"✅ Attendance update completed","window":{"startDate":"2025-07-13T00:00:00.000Z","endDateExclusive":"2025-08-12T00:00:00.000Z"},"totalPairs":1,"processed":1,"failed":0}
[2025-08-11 16:21:21] [INFO] Shift 2 (11:00 AM) - Job Started
[2025-08-11 16:21:21] [INFO] Shift 2 (11:00 AM) - Success: {"success":true,"message":"✅ Attendance update completed","window":{"startDate":"2025-07-13T00:00:00.000Z","endDateExclusive":"2025-08-12T00:00:00.000Z"},"totalPairs":1,"processed":1,"failed":0}
[2025-08-11 16:21:21] [INFO] Shift 3 (02:00 PM) - Job Started
[2025-08-11 16:21:21] [INFO] Shift 3 (02:00 PM) - Success: {"success":true,"message":"✅ Attendance update completed","window":{"startDate":"2025-07-13T00:00:00.000Z","endDateExclusive":"2025-08-12T00:00:00.000Z"},"totalPairs":1,"processed":1,"failed":0}
[2025-08-11 16:21:21] [INFO] ✅ All shift jobs completed sequentially.
[2025-08-11 16:21:24] [INFO] Shift 1 (08:00 AM) - Job Started
[2025-08-11 16:21:24] [INFO] ⏰ Labour Sequential Cron Scheduled Successfully
[2025-08-11 16:21:25] [INFO] Shift 1 (08:00 AM) - Success: {"success":true,"message":"✅ Attendance update completed","window":{"startDate":"2025-07-13T00:00:00.000Z","endDateExclusive":"2025-08-12T00:00:00.000Z"},"totalPairs":1,"processed":1,"failed":0}
[2025-08-11 16:21:25] [INFO] Shift 2 (11:00 AM) - Job Started
[2025-08-11 16:21:25] [INFO] Shift 2 (11:00 AM) - Success: {"success":true,"message":"✅ Attendance update completed","window":{"startDate":"2025-07-13T00:00:00.000Z","endDateExclusive":"2025-08-12T00:00:00.000Z"},"totalPairs":1,"processed":1,"failed":0}
[2025-08-11 16:21:25] [INFO] Shift 3 (02:00 PM) - Job Started
[2025-08-11 16:21:27] [INFO] Shift 1 (08:00 AM) - Job Started
[2025-08-11 16:21:27] [INFO] ⏰ Labour Sequential Cron Scheduled Successfully
[2025-08-11 16:21:28] [INFO] Shift 1 (08:00 AM) - Success: {"success":true,"message":"✅ Attendance update completed","window":{"startDate":"2025-07-13T00:00:00.000Z","endDateExclusive":"2025-08-12T00:00:00.000Z"},"totalPairs":1,"processed":1,"failed":0}
[2025-08-11 16:21:28] [INFO] Shift 2 (11:00 AM) - Job Started
[2025-08-11 16:21:28] [INFO] Shift 2 (11:00 AM) - Success: {"success":true,"message":"✅ Attendance update completed","window":{"startDate":"2025-07-13T00:00:00.000Z","endDateExclusive":"2025-08-12T00:00:00.000Z"},"totalPairs":1,"processed":1,"failed":0}
[2025-08-11 16:21:28] [INFO] Shift 3 (02:00 PM) - Job Started
[2025-08-11 16:21:28] [INFO] Shift 3 (02:00 PM) - Success: {"success":true,"message":"✅ Attendance update completed","window":{"startDate":"2025-07-13T00:00:00.000Z","endDateExclusive":"2025-08-12T00:00:00.000Z"},"totalPairs":1,"processed":1,"failed":0}
[2025-08-11 16:21:28] [INFO] ✅ All shift jobs completed sequentially.
[2025-08-11 16:21:30] [INFO] Shift 1 (08:00 AM) - Job Started
[2025-08-11 16:21:30] [INFO] ⏰ Labour Sequential Cron Scheduled Successfully
[2025-08-11 16:21:31] [INFO] Shift 1 (08:00 AM) - Success: {"success":true,"message":"✅ Attendance update completed","window":{"startDate":"2025-07-13T00:00:00.000Z","endDateExclusive":"2025-08-12T00:00:00.000Z"},"totalPairs":1,"processed":1,"failed":0}
[2025-08-11 16:21:31] [INFO] Shift 2 (11:00 AM) - Job Started
[2025-08-11 16:21:32] [INFO] Shift 2 (11:00 AM) - Success: {"success":true,"message":"✅ Attendance update completed","window":{"startDate":"2025-07-13T00:00:00.000Z","endDateExclusive":"2025-08-12T00:00:00.000Z"},"totalPairs":1,"processed":1,"failed":0}
[2025-08-11 16:21:32] [INFO] Shift 3 (02:00 PM) - Job Started
[2025-08-11 16:21:32] [INFO] Shift 3 (02:00 PM) - Success: {"success":true,"message":"✅ Attendance update completed","window":{"startDate":"2025-07-13T00:00:00.000Z","endDateExclusive":"2025-08-12T00:00:00.000Z"},"totalPairs":1,"processed":1,"failed":0}
[2025-08-11 16:21:32] [INFO] ✅ All shift jobs completed sequentially.
[2025-08-11 16:26:53] [INFO] Shift 1 (08:00 AM) - Job Started
[2025-08-11 16:26:53] [INFO] ⏰ Labour Sequential Cron Scheduled Successfully
[2025-08-11 16:26:54] [INFO] Shift 1 (08:00 AM) - Success: {"success":true,"message":"✅ Attendance update completed","window":{"startDate":"2025-07-13T00:00:00.000Z","endDateExclusive":"2025-08-12T00:00:00.000Z"},"totalPairs":1,"processed":1,"failed":0}
[2025-08-11 16:26:54] [INFO] Shift 2 (11:00 AM) - Job Started
[2025-08-11 16:26:54] [INFO] Shift 2 (11:00 AM) - Success: {"success":true,"message":"✅ Attendance update completed","window":{"startDate":"2025-07-13T00:00:00.000Z","endDateExclusive":"2025-08-12T00:00:00.000Z"},"totalPairs":1,"processed":1,"failed":0}
[2025-08-11 16:26:54] [INFO] Shift 3 (02:00 PM) - Job Started
[2025-08-11 16:26:54] [INFO] Shift 3 (02:00 PM) - Success: {"success":true,"message":"✅ Attendance update completed","window":{"startDate":"2025-07-13T00:00:00.000Z","endDateExclusive":"2025-08-12T00:00:00.000Z"},"totalPairs":1,"processed":1,"failed":0}
[2025-08-11 16:26:54] [INFO] ✅ All shift jobs completed sequentially.
[2025-08-11 16:27:02] [INFO] Shift 1 (08:00 AM) - Job Started
[2025-08-11 16:27:02] [INFO] ⏰ Labour Sequential Cron Scheduled Successfully
[2025-08-11 16:27:03] [INFO] Shift 1 (08:00 AM) - Success: {"success":true,"message":"✅ Attendance update completed","window":{"startDate":"2025-07-13T00:00:00.000Z","endDateExclusive":"2025-08-12T00:00:00.000Z"},"totalPairs":1,"processed":1,"failed":0}
[2025-08-11 16:27:03] [INFO] Shift 2 (11:00 AM) - Job Started
[2025-08-11 16:27:04] [INFO] Shift 2 (11:00 AM) - Success: {"success":true,"message":"✅ Attendance update completed","window":{"startDate":"2025-07-13T00:00:00.000Z","endDateExclusive":"2025-08-12T00:00:00.000Z"},"totalPairs":1,"processed":1,"failed":0}
[2025-08-11 16:27:04] [INFO] Shift 3 (02:00 PM) - Job Started
[2025-08-11 16:27:04] [INFO] Shift 3 (02:00 PM) - Success: {"success":true,"message":"✅ Attendance update completed","window":{"startDate":"2025-07-13T00:00:00.000Z","endDateExclusive":"2025-08-12T00:00:00.000Z"},"totalPairs":1,"processed":1,"failed":0}
[2025-08-11 16:27:04] [INFO] ✅ All shift jobs completed sequentially.
[2025-08-11 16:27:10] [INFO] Shift 1 (08:00 AM) - Job Started
[2025-08-11 16:27:10] [INFO] ⏰ Labour Sequential Cron Scheduled Successfully
[2025-08-11 16:27:11] [INFO] Shift 1 (08:00 AM) - Success: {"success":true,"message":"✅ Attendance update completed","window":{"startDate":"2025-07-13T00:00:00.000Z","endDateExclusive":"2025-08-12T00:00:00.000Z"},"totalPairs":1,"processed":1,"failed":0}
[2025-08-11 16:27:11] [INFO] Shift 2 (11:00 AM) - Job Started
[2025-08-11 16:27:12] [INFO] Shift 2 (11:00 AM) - Success: {"success":true,"message":"✅ Attendance update completed","window":{"startDate":"2025-07-13T00:00:00.000Z","endDateExclusive":"2025-08-12T00:00:00.000Z"},"totalPairs":1,"processed":1,"failed":0}
[2025-08-11 16:27:12] [INFO] Shift 3 (02:00 PM) - Job Started
[2025-08-11 16:27:12] [INFO] Shift 3 (02:00 PM) - Success: {"success":true,"message":"✅ Attendance update completed","window":{"startDate":"2025-07-13T00:00:00.000Z","endDateExclusive":"2025-08-12T00:00:00.000Z"},"totalPairs":1,"processed":1,"failed":0}
[2025-08-11 16:27:12] [INFO] ✅ All shift jobs completed sequentially.
[2025-08-11 16:27:17] [INFO] Shift 1 (08:00 AM) - Job Started
[2025-08-11 16:27:17] [INFO] ⏰ Labour Sequential Cron Scheduled Successfully
[2025-08-11 16:27:18] [INFO] Shift 1 (08:00 AM) - Success: {"success":true,"message":"✅ Attendance update completed","window":{"startDate":"2025-07-13T00:00:00.000Z","endDateExclusive":"2025-08-12T00:00:00.000Z"},"totalPairs":1,"processed":1,"failed":0}
[2025-08-11 16:27:18] [INFO] Shift 2 (11:00 AM) - Job Started
[2025-08-11 16:27:18] [INFO] Shift 2 (11:00 AM) - Success: {"success":true,"message":"✅ Attendance update completed","window":{"startDate":"2025-07-13T00:00:00.000Z","endDateExclusive":"2025-08-12T00:00:00.000Z"},"totalPairs":1,"processed":1,"failed":0}
[2025-08-11 16:27:18] [INFO] Shift 3 (02:00 PM) - Job Started
[2025-08-11 16:27:19] [INFO] Shift 3 (02:00 PM) - Success: {"success":true,"message":"✅ Attendance update completed","window":{"startDate":"2025-07-13T00:00:00.000Z","endDateExclusive":"2025-08-12T00:00:00.000Z"},"totalPairs":1,"processed":1,"failed":0}
[2025-08-11 16:27:19] [INFO] ✅ All shift jobs completed sequentially.
[2025-08-11 16:27:37] [INFO] Shift 1 (08:00 AM) - Job Started
[2025-08-11 16:27:37] [INFO] ⏰ Labour Sequential Cron Scheduled Successfully
[2025-08-11 16:27:38] [INFO] Shift 1 (08:00 AM) - Success: {"success":true,"message":"✅ Attendance update completed","window":{"startDate":"2025-07-13T00:00:00.000Z","endDateExclusive":"2025-08-12T00:00:00.000Z"},"totalPairs":1,"processed":1,"failed":0}
[2025-08-11 16:27:38] [INFO] Shift 2 (11:00 AM) - Job Started
[2025-08-11 16:27:39] [INFO] Shift 2 (11:00 AM) - Success: {"success":true,"message":"✅ Attendance update completed","window":{"startDate":"2025-07-13T00:00:00.000Z","endDateExclusive":"2025-08-12T00:00:00.000Z"},"totalPairs":1,"processed":1,"failed":0}
[2025-08-11 16:27:39] [INFO] Shift 3 (02:00 PM) - Job Started
[2025-08-11 16:27:39] [INFO] Shift 3 (02:00 PM) - Success: {"success":true,"message":"✅ Attendance update completed","window":{"startDate":"2025-07-13T00:00:00.000Z","endDateExclusive":"2025-08-12T00:00:00.000Z"},"totalPairs":1,"processed":1,"failed":0}
[2025-08-11 16:27:39] [INFO] ✅ All shift jobs completed sequentially.
[2025-08-11 16:28:49] [INFO] Shift 1 (08:00 AM) - Job Started
[2025-08-11 16:28:49] [INFO] ⏰ Labour Sequential Cron Scheduled Successfully
[2025-08-11 16:28:51] [INFO] Shift 1 (08:00 AM) - Success: {"success":true,"message":"✅ Attendance update completed","window":{"startDate":"2025-07-13T00:00:00.000Z","endDateExclusive":"2025-08-12T00:00:00.000Z"},"totalPairs":1,"processed":1,"failed":0}
[2025-08-11 16:28:51] [INFO] Shift 2 (11:00 AM) - Job Started
[2025-08-11 16:28:51] [INFO] Shift 2 (11:00 AM) - Success: {"success":true,"message":"✅ Attendance update completed","window":{"startDate":"2025-07-13T00:00:00.000Z","endDateExclusive":"2025-08-12T00:00:00.000Z"},"totalPairs":1,"processed":1,"failed":0}
[2025-08-11 16:28:51] [INFO] Shift 3 (02:00 PM) - Job Started
[2025-08-11 16:28:52] [INFO] Shift 3 (02:00 PM) - Success: {"success":true,"message":"✅ Attendance update completed","window":{"startDate":"2025-07-13T00:00:00.000Z","endDateExclusive":"2025-08-12T00:00:00.000Z"},"totalPairs":1,"processed":1,"failed":0}
[2025-08-11 16:28:52] [INFO] ✅ All shift jobs completed sequentially.
[2025-08-11 16:29:13] [INFO] Shift 1 (08:00 AM) - Job Started
[2025-08-11 16:29:13] [INFO] ⏰ Labour Sequential Cron Scheduled Successfully
[2025-08-11 16:29:15] [INFO] Shift 1 (08:00 AM) - Success: {"success":true,"message":"✅ Attendance update completed","window":{"startDate":"2025-07-13T00:00:00.000Z","endDateExclusive":"2025-08-12T00:00:00.000Z"},"totalPairs":1,"processed":1,"failed":0}
[2025-08-11 16:29:15] [INFO] Shift 2 (11:00 AM) - Job Started
[2025-08-11 16:29:16] [INFO] Shift 2 (11:00 AM) - Success: {"success":true,"message":"✅ Attendance update completed","window":{"startDate":"2025-07-13T00:00:00.000Z","endDateExclusive":"2025-08-12T00:00:00.000Z"},"totalPairs":1,"processed":1,"failed":0}
[2025-08-11 16:29:16] [INFO] Shift 3 (02:00 PM) - Job Started
[2025-08-11 16:29:16] [INFO] Shift 3 (02:00 PM) - Success: {"success":true,"message":"✅ Attendance update completed","window":{"startDate":"2025-07-13T00:00:00.000Z","endDateExclusive":"2025-08-12T00:00:00.000Z"},"totalPairs":1,"processed":1,"failed":0}
[2025-08-11 16:29:16] [INFO] ✅ All shift jobs completed sequentially.
[2025-08-11 16:29:27] [INFO] Shift 1 (08:00 AM) - Job Started
[2025-08-11 16:29:27] [INFO] ⏰ Labour Sequential Cron Scheduled Successfully
[2025-08-11 16:29:28] [INFO] Shift 1 (08:00 AM) - Job Started
[2025-08-11 16:29:28] [INFO] ⏰ Labour Sequential Cron Scheduled Successfully
[2025-08-11 16:29:30] [INFO] Shift 1 (08:00 AM) - Success: {"success":true,"message":"✅ Attendance update completed","window":{"startDate":"2025-07-13T00:00:00.000Z","endDateExclusive":"2025-08-12T00:00:00.000Z"},"totalPairs":1,"processed":1,"failed":0}
[2025-08-11 16:29:30] [INFO] Shift 2 (11:00 AM) - Job Started
[2025-08-11 16:29:30] [INFO] Shift 2 (11:00 AM) - Success: {"success":true,"message":"✅ Attendance update completed","window":{"startDate":"2025-07-13T00:00:00.000Z","endDateExclusive":"2025-08-12T00:00:00.000Z"},"totalPairs":1,"processed":1,"failed":0}
[2025-08-11 16:29:30] [INFO] Shift 3 (02:00 PM) - Job Started
[2025-08-11 16:29:31] [INFO] Shift 3 (02:00 PM) - Success: {"success":true,"message":"✅ Attendance update completed","window":{"startDate":"2025-07-13T00:00:00.000Z","endDateExclusive":"2025-08-12T00:00:00.000Z"},"totalPairs":1,"processed":1,"failed":0}
[2025-08-11 16:29:31] [INFO] ✅ All shift jobs completed sequentially.
[2025-08-11 16:29:33] [INFO] Shift 1 (08:00 AM) - Job Started
[2025-08-11 16:29:33] [INFO] ⏰ Labour Sequential Cron Scheduled Successfully
[2025-08-11 16:29:35] [INFO] Shift 1 (08:00 AM) - Success: {"success":true,"message":"✅ Attendance update completed","window":{"startDate":"2025-07-13T00:00:00.000Z","endDateExclusive":"2025-08-12T00:00:00.000Z"},"totalPairs":1,"processed":1,"failed":0}
[2025-08-11 16:29:35] [INFO] Shift 2 (11:00 AM) - Job Started
[2025-08-11 16:29:36] [INFO] Shift 2 (11:00 AM) - Success: {"success":true,"message":"✅ Attendance update completed","window":{"startDate":"2025-07-13T00:00:00.000Z","endDateExclusive":"2025-08-12T00:00:00.000Z"},"totalPairs":1,"processed":1,"failed":0}
[2025-08-11 16:29:36] [INFO] Shift 3 (02:00 PM) - Job Started
[2025-08-11 16:29:36] [INFO] Shift 3 (02:00 PM) - Success: {"success":true,"message":"✅ Attendance update completed","window":{"startDate":"2025-07-13T00:00:00.000Z","endDateExclusive":"2025-08-12T00:00:00.000Z"},"totalPairs":1,"processed":1,"failed":0}
[2025-08-11 16:29:36] [INFO] ✅ All shift jobs completed sequentially.
[2025-08-11 16:30:53] [INFO] ⏰ Labour Sequential Cron Scheduled Successfully
[2025-08-11 16:30:56] [INFO] ⏰ Labour Sequential Cron Scheduled Successfully
[2025-08-11 16:31:04] [INFO] ⏰ Labour Sequential Cron Scheduled Successfully
[2025-08-11 16:31:06] [INFO] ⏰ Labour Sequential Cron Scheduled Successfully
[2025-08-11 16:31:40] [INFO] ⏰ Labour Sequential Cron Scheduled Successfully
[2025-08-11 16:33:00] [INFO] ⏰ Labour Sequential Cron Scheduled Successfully
[2025-08-11 16:33:01] [INFO] ⏰ Labour Sequential Cron Scheduled Successfully
[2025-08-11 16:33:59] [INFO] ⏰ Labour Sequential Cron Scheduled Successfully
[2025-08-11 16:34:05] [INFO] ⏰ Labour Sequential Cron Scheduled Successfully
[2025-08-11 16:34:47] [INFO] ⏰ Labour Sequential Cron Scheduled Successfully
[2025-08-11 16:35:10] [INFO] ⏰ Labour Sequential Cron Scheduled Successfully
[2025-08-11 16:35:11] [INFO] ⏰ Labour Sequential Cron Scheduled Successfully
[2025-08-11 16:35:20] [INFO] ⏰ Labour Sequential Cron Scheduled Successfully
[2025-08-11 16:35:23] [INFO] ⏰ Labour Sequential Cron Scheduled Successfully
[2025-08-11 16:35:26] [INFO] ⏰ Labour Sequential Cron Scheduled Successfully
[2025-08-11 16:35:29] [INFO] ⏰ Labour Sequential Cron Scheduled Successfully
[2025-08-11 16:35:31] [INFO] ⏰ Labour Sequential Cron Scheduled Successfully
[2025-08-11 16:35:32] [INFO] ⏰ Labour Sequential Cron Scheduled Successfully
[2025-08-11 16:35:44] [INFO] ⏰ Labour Sequential Cron Scheduled Successfully
[2025-08-11 16:43:55] [INFO] ⏰ Labour Sequential Cron Scheduled Successfully
[2025-08-11 16:43:56] [INFO] ⏰ Labour Sequential Cron Scheduled Successfully
[2025-08-11 16:44:12] [INFO] ⏰ Labour Sequential Cron Scheduled Successfully
[2025-08-11 16:44:16] [INFO] ⏰ Labour Sequential Cron Scheduled Successfully
[2025-08-11 16:44:20] [INFO] ⏰ Labour Sequential Cron Scheduled Successfully
[2025-08-11 16:44:23] [INFO] ⏰ Labour Sequential Cron Scheduled Successfully
[2025-08-11 16:44:36] [INFO] ⏰ Labour Sequential Cron Scheduled Successfully
[2025-08-11 16:45:32] [INFO] ⏰ Labour Sequential Cron Scheduled Successfully
[2025-08-11 16:48:53] [INFO] ⏰ Labour Sequential Cron Scheduled Successfully
[2025-08-11 16:49:02] [INFO] ⏰ Labour Sequential Cron Scheduled Successfully
[2025-08-11 16:49:08] [INFO] ⏰ Labour Sequential Cron Scheduled Successfully
[2025-08-11 16:49:22] [INFO] ⏰ Labour Sequential Cron Scheduled Successfully
[2025-08-11 16:49:28] [INFO] ⏰ Labour Sequential Cron Scheduled Successfully
[2025-08-11 16:49:41] [INFO] ⏰ Labour Sequential Cron Scheduled Successfully
[2025-08-11 16:49:44] [INFO] ⏰ Labour Sequential Cron Scheduled Successfully
[2025-08-11 16:49:46] [INFO] ⏰ Labour Sequential Cron Scheduled Successfully
[2025-08-11 16:50:03] [INFO] ⏰ Labour Sequential Cron Scheduled Successfully
[2025-08-11 16:50:06] [INFO] ⏰ Labour Sequential Cron Scheduled Successfully
[2025-08-11 16:50:12] [INFO] ⏰ Labour Sequential Cron Scheduled Successfully
[2025-08-11 16:50:14] [INFO] ⏰ Labour Sequential Cron Scheduled Successfully
[2025-08-11 16:50:16] [INFO] ⏰ Labour Sequential Cron Scheduled Successfully
[2025-08-11 16:50:20] [INFO] ⏰ Labour Sequential Cron Scheduled Successfully
[2025-08-11 16:50:34] [INFO] ⏰ Labour Sequential Cron Scheduled Successfully
[2025-08-11 16:50:47] [INFO] ⏰ Labour Sequential Cron Scheduled Successfully
[2025-08-11 16:51:05] [INFO] ⏰ Labour Sequential Cron Scheduled Successfully
[2025-08-11 16:51:36] [INFO] ⏰ Labour Sequential Cron Scheduled Successfully
[2025-08-11 16:52:43] [INFO] ⏰ Labour Sequential Cron Scheduled Successfully
[2025-08-11 16:52:52] [INFO] ⏰ Labour Sequential Cron Scheduled Successfully
[2025-08-11 16:53:03] [INFO] ⏰ Labour Sequential Cron Scheduled Successfully
[2025-08-11 16:53:15] [INFO] ⏰ Labour Sequential Cron Scheduled Successfully
[2025-08-11 16:53:23] [INFO] ⏰ Labour Sequential Cron Scheduled Successfully
[2025-08-11 16:54:07] [INFO] ⏰ Labour Sequential Cron Scheduled Successfully
[2025-08-11 17:09:06] [INFO] ⏰ Labour Sequential Cron Scheduled Successfully
[2025-08-11 17:09:20] [INFO] ⏰ Labour Sequential Cron Scheduled Successfully
[2025-08-11 17:09:34] [INFO] ⏰ Labour Sequential Cron Scheduled Successfully
[2025-08-11 17:12:07] [INFO] ⏰ Labour Sequential Cron Scheduled Successfully
[2025-08-11 17:12:40] [INFO] ⏰ Labour Sequential Cron Scheduled Successfully
[2025-08-11 17:12:46] [INFO] ⏰ Labour Sequential Cron Scheduled Successfully
[2025-08-11 17:12:49] [INFO] ⏰ Labour Sequential Cron Scheduled Successfully
[2025-08-11 17:18:18] [INFO] ⏰ Labour Sequential Cron Scheduled Successfully
[2025-08-11 17:18:20] [INFO] ⏰ Labour Sequential Cron Scheduled Successfully
[2025-08-11 17:18:50] [INFO] ⏰ Labour Sequential Cron Scheduled Successfully
[2025-08-11 17:19:02] [INFO] ⏰ Labour Sequential Cron Scheduled Successfully
[2025-08-11 17:19:13] [INFO] ⏰ Labour Sequential Cron Scheduled Successfully
[2025-08-11 17:19:27] [INFO] ⏰ Labour Sequential Cron Scheduled Successfully
[2025-08-11 17:19:33] [INFO] ⏰ Labour Sequential Cron Scheduled Successfully
[2025-08-11 17:21:52] [INFO] ⏰ Labour Sequential Cron Scheduled Successfully
[2025-08-11 17:21:57] [INFO] ⏰ Labour Sequential Cron Scheduled Successfully
[2025-08-11 17:24:12] [INFO] ⏰ Labour Sequential Cron Scheduled Successfully
[2025-08-11 17:25:02] [INFO] ⏰ Labour Sequential Cron Scheduled Successfully
[2025-08-11 17:25:08] [INFO] ⏰ Labour Sequential Cron Scheduled Successfully
[2025-08-11 17:25:23] [INFO] ⏰ Labour Sequential Cron Scheduled Successfully
[2025-08-11 17:25:30] [INFO] ⏰ Labour Sequential Cron Scheduled Successfully
[2025-08-11 17:25:42] [INFO] ⏰ Labour Sequential Cron Scheduled Successfully
[2025-08-11 17:25:45] [INFO] ⏰ Labour Sequential Cron Scheduled Successfully
[2025-08-11 17:25:50] [INFO] ⏰ Labour Sequential Cron Scheduled Successfully
[2025-08-11 17:25:53] [INFO] ⏰ Labour Sequential Cron Scheduled Successfully
[2025-08-11 17:25:57] [INFO] ⏰ Labour Sequential Cron Scheduled Successfully
[2025-08-11 17:26:08] [INFO] ⏰ Labour Sequential Cron Scheduled Successfully
[2025-08-11 17:26:32] [INFO] ⏰ Labour Sequential Cron Scheduled Successfully
[2025-08-11 17:26:58] [INFO] ⏰ Labour Sequential Cron Scheduled Successfully
[2025-08-11 17:27:12] [INFO] ⏰ Labour Sequential Cron Scheduled Successfully
[2025-08-11 17:27:22] [INFO] ⏰ Labour Sequential Cron Scheduled Successfully
[2025-08-11 17:27:54] [INFO] ⏰ Labour Sequential Cron Scheduled Successfully
[2025-08-11 17:29:19] [INFO] ⏰ Labour Sequential Cron Scheduled Successfully
[2025-08-11 17:29:33] [INFO] ⏰ Labour Sequential Cron Scheduled Successfully
[2025-08-11 17:29:58] [INFO] ⏰ Labour Sequential Cron Scheduled Successfully
[2025-08-11 17:30:21] [INFO] ⏰ Labour Sequential Cron Scheduled Successfully
[2025-08-11 17:31:03] [INFO] ⏰ Labour Sequential Cron Scheduled Successfully
[2025-08-11 17:31:52] [INFO] ⏰ Labour Sequential Cron Scheduled Successfully
[2025-08-11 17:32:29] [INFO] ⏰ Labour Sequential Cron Scheduled Successfully
[2025-08-11 18:30:16] [INFO] ⏰ Labour Sequential Cron Scheduled Successfully
[2025-08-11 18:30:55] [INFO] ⏰ Labour Sequential Cron Scheduled Successfully
[2025-08-11 18:31:08] [INFO] ⏰ Labour Sequential Cron Scheduled Successfully
[2025-08-11 18:31:12] [INFO] ⏰ Labour Sequential Cron Scheduled Successfully
[2025-08-11 18:31:27] [INFO] ⏰ Labour Sequential Cron Scheduled Successfully
[2025-08-11 18:31:32] [INFO] ⏰ Labour Sequential Cron Scheduled Successfully
[2025-08-11 18:31:55] [INFO] ⏰ Labour Sequential Cron Scheduled Successfully
[2025-08-11 18:31:57] [INFO] ⏰ Labour Sequential Cron Scheduled Successfully
[2025-08-11 18:41:17] [INFO] ⏰ Labour Sequential Cron Scheduled Successfully
[2025-08-11 18:57:09] [INFO] ⏰ Labour Sequential Cron Scheduled Successfully
[2025-08-11 18:57:13] [INFO] ⏰ Labour Sequential Cron Scheduled Successfully
[2025-08-11 18:57:37] [INFO] ⏰ Labour Sequential Cron Scheduled Successfully
[2025-08-11 18:57:46] [INFO] ⏰ Labour Sequential Cron Scheduled Successfully
[2025-08-11 18:59:45] [INFO] ⏰ Labour Sequential Cron Scheduled Successfully
[2025-08-11 19:00:51] [INFO] ⏰ Labour Sequential Cron Scheduled Successfully
[2025-08-11 19:02:47] [INFO] ⏰ Labour Sequential Cron Scheduled Successfully
