[2025-09-03 10:20:22] [INFO] ⏰ Labour Sequential Cron Scheduled Successfully
[2025-09-03 11:37:00] [INFO] ⏰ Running all shift jobs sequentially...
[2025-09-03 11:37:00] [INFO] Shift 1 (08:00 AM) - Job Started
[2025-09-03 11:39:09] [INFO] Shift 1 (08:00 AM) - Success: {"success":true,"message":"✅ Attendance update completed","window":{"startDate":"2025-08-04T00:00:00.000Z","endDateExclusive":"2025-09-03T00:00:00.000Z"},"totalPairs":1357,"processed":1357,"failed":0}
[2025-09-03 11:39:09] [INFO] Shift 2 (11:00 AM) - Job Started
[2025-09-03 11:41:19] [INFO] Shift 2 (11:00 AM) - Success: {"success":true,"message":"✅ Attendance update completed","window":{"startDate":"2025-08-04T00:00:00.000Z","endDateExclusive":"2025-09-03T00:00:00.000Z"},"totalPairs":1357,"processed":1357,"failed":0}
[2025-09-03 11:41:19] [INFO] Shift 3 (02:00 PM) - Job Started
[2025-09-03 11:43:11] [INFO] Shift 3 (02:00 PM) - Success: {"success":true,"message":"✅ Attendance update completed","window":{"startDate":"2025-08-04T00:00:00.000Z","endDateExclusive":"2025-09-03T00:00:00.000Z"},"totalPairs":1357,"processed":1357,"failed":0}
[2025-09-03 11:43:11] [INFO] ✅ All shift jobs completed sequentially.
[2025-09-03 12:42:37] [INFO] ⏰ Labour Sequential Cron Scheduled Successfully
[2025-09-03 12:57:07] [INFO] ⏰ Labour Sequential Cron Scheduled Successfully
[2025-09-03 12:57:11] [INFO] ⏰ Labour Sequential Cron Scheduled Successfully
[2025-09-03 12:57:32] [INFO] ⏰ Labour Sequential Cron Scheduled Successfully
[2025-09-03 12:57:47] [INFO] ⏰ Labour Sequential Cron Scheduled Successfully
[2025-09-03 12:58:03] [INFO] ⏰ Labour Sequential Cron Scheduled Successfully
[2025-09-03 12:58:20] [INFO] ⏰ Labour Sequential Cron Scheduled Successfully
[2025-09-03 12:59:54] [INFO] ⏰ Labour Sequential Cron Scheduled Successfully
[2025-09-03 13:00:33] [INFO] ⏰ Labour Sequential Cron Scheduled Successfully
[2025-09-03 13:00:53] [INFO] ⏰ Labour Sequential Cron Scheduled Successfully
[2025-09-03 13:01:02] [INFO] ⏰ Labour Sequential Cron Scheduled Successfully
[2025-09-03 13:01:06] [INFO] ⏰ Labour Sequential Cron Scheduled Successfully
[2025-09-03 13:35:41] [INFO] ⏰ Labour Sequential Cron Scheduled Successfully
[2025-09-03 14:04:40] [INFO] ⏰ Labour Sequential Cron Scheduled Successfully
[2025-09-03 14:04:48] [INFO] ⏰ Labour Sequential Cron Scheduled Successfully
