[2025-07-29 11:21:58] [INFO] ⏰ Labour Sequential Cron Scheduled Successfully
[2025-07-29 11:32:49] [INFO] ⏰ Labour Sequential Cron Scheduled Successfully
[2025-07-29 11:32:52] [INFO] ⏰ Labour Sequential Cron Scheduled Successfully
[2025-07-29 11:32:58] [INFO] ⏰ Labour Sequential Cron Scheduled Successfully
[2025-07-29 11:33:01] [INFO] ⏰ Labour Sequential Cron Scheduled Successfully
[2025-07-29 11:33:04] [INFO] ⏰ Labour Sequential Cron Scheduled Successfully
[2025-07-29 11:33:09] [INFO] ⏰ Labour Sequential Cron Scheduled Successfully
[2025-07-29 11:33:25] [INFO] ⏰ Labour Sequential Cron Scheduled Successfully
[2025-07-29 11:33:28] [INFO] ⏰ Labour Sequential Cron Scheduled Successfully
[2025-07-29 11:33:32] [INFO] ⏰ Labour Sequential Cron Scheduled Successfully
[2025-07-29 11:33:35] [INFO] ⏰ Labour Sequential Cron Scheduled Successfully
[2025-07-29 12:00:55] [INFO] ⏰ Labour Sequential Cron Scheduled Successfully
[2025-07-29 12:01:19] [INFO] ⏰ Labour Sequential Cron Scheduled Successfully
[2025-07-29 12:01:36] [INFO] ⏰ Labour Sequential Cron Scheduled Successfully
[2025-07-29 12:01:42] [INFO] ⏰ Labour Sequential Cron Scheduled Successfully
[2025-07-29 12:01:44] [INFO] ⏰ Labour Sequential Cron Scheduled Successfully
[2025-07-29 12:02:08] [INFO] ⏰ Labour Sequential Cron Scheduled Successfully
[2025-07-29 12:03:06] [INFO] ⏰ Labour Sequential Cron Scheduled Successfully
[2025-07-29 12:03:11] [INFO] ⏰ Labour Sequential Cron Scheduled Successfully
[2025-07-29 12:03:13] [INFO] ⏰ Labour Sequential Cron Scheduled Successfully
[2025-07-29 12:03:20] [INFO] ⏰ Labour Sequential Cron Scheduled Successfully
[2025-07-29 12:03:57] [INFO] ⏰ Labour Sequential Cron Scheduled Successfully
[2025-07-29 12:04:04] [INFO] ⏰ Labour Sequential Cron Scheduled Successfully
[2025-07-29 12:05:01] [INFO] ⏰ Labour Sequential Cron Scheduled Successfully
[2025-07-29 12:05:07] [INFO] ⏰ Labour Sequential Cron Scheduled Successfully
[2025-07-29 12:05:09] [INFO] ⏰ Labour Sequential Cron Scheduled Successfully
[2025-07-29 12:06:00] [INFO] ⏰ Running all shift jobs sequentially...
[2025-07-29 12:06:00] [INFO] Shift 1 (08:00 AM) - Job Started
[2025-07-29 12:14:00] [INFO] ⏰ Labour Sequential Cron Scheduled Successfully
[2025-07-29 12:14:08] [INFO] ⏰ Labour Sequential Cron Scheduled Successfully
[2025-07-29 12:15:00] [INFO] ⏰ Running all shift jobs sequentially...
[2025-07-29 12:15:00] [INFO] Shift 1 (08:00 AM) - Job Started
[2025-07-29 12:33:52] [INFO] ⏰ Labour Sequential Cron Scheduled Successfully
[2025-07-29 12:34:00] [INFO] ⏰ Labour Sequential Cron Scheduled Successfully
[2025-07-29 12:34:07] [INFO] ⏰ Labour Sequential Cron Scheduled Successfully
[2025-07-29 12:35:00] [INFO] ⏰ Running all shift jobs sequentially...
[2025-07-29 12:35:00] [INFO] Shift 1 (08:00 AM) - Job Started
[2025-07-29 12:46:56] [INFO] Shift 1 (08:00 AM) - Success: {"success":true,"message":"✅ Attendance Updated Successfully","totalNullFirstPunch":4383,"matchedCount":230,"matchedLabourIds":["JC5752","JC5877","JC4693","JC5407","JIH0068","JC4579","JC5758","JIH0031","JC4114","JIH0342","JC6204","JC4178","JC6017","JC5304","JC5573","JIH0188","JC6299","JC5356","JC5855","JIH0194","JC5121","JC6049","JC6016","JC5371","JC5899","JIH0157","JIH0191","JC6101","JIH0382","JC5406","JC4564","JIH0236","JC5929","JIH0292","JC4989","JC4265","JC5383","JIH0239","JIH0268","JC3543","JC5600","JC5124","JC5543","JC5814","JC5892","JC5885","JC5663","JC5545","JC1108","JIH0182","JC1171","JC4647","JIH0262","JC6139","JC6133","JC5472","JC5730","JIH0310","JC5888","JC4867","JIH0201","JIH0019","JC5503","JIH0260","JC6223","JIH0067","JC5548","JC6205","JC5851","JC5811","JIH0247","JC6175","JC4925","JC5621","JC5773","JC4037","JC4910","JC5440","JC5423","JC5838","JC5897","JC6213","JIH0238","JC0006","JIH0021","JIH0360","JC6006","JC4983","JC5335","JIH0406","JIH0174","JIH0177","JC5506","JIH0442","JC0630","JC6091","JC6159","JIH0235","JC4958","JC6176","JC5726","JC5947","JC5587","JC6040","JIH0405","JC5439","JC5759","JC5879","JC4704","JC5515","JC6113","JIH0051","JC5969","JC2077","JC5697","JC5719","JC4672","JC5209","JC5276","JIH0350","JC6044","JC2982","JC5492","JC6123","JC6231","JIH0027","JC6005","JIH0117","JC4101","JC5431","JC4311","JIH0423","JC5704","JC6313","JC2637","JIH0411","JC6143","JIH0192","JC0966","JC5438","JIH0383","JC5217","JC6094","JC5678","JC4074","JC5710","JIH0156","JC5802","JC6158","JC6201","JC5514","JC5706","JC5058","JC6174","JC5181","JIH0275","JC4807","JC6046","JC5715","JC5694","JIH0029","JC4639","JC5707","JC5397","JC6050","JC5635","JC5463","JC4118","JC4762","JC6012","JC5273","JIH0412","JIH0429","JC2679","JIH0180","JC5876","JIH0020","JIH0116","JC5686","JC5982","JIH0261","JC5129","JC6084","JC4491","JC5032","JIH0232","JC5127","JC5255","JC4658","JC5675","JC4685","JC5113","JC5774","JIH0164","JC5634","JC4449","JC4247","JIH0176","JIH0288","JC5011","JC5248","JC5633","JIH0305","JC6180","JC4419","JIH0226","JIH0272","JC5689","JC6181","JC5513","JIH0304","JC0021","JIH0410","JC4558","JIH0385","JIH0045","JC5540","JIH0237","JC5933","JC3034","JC6061","JC5983","JC5940","JC6283","JIH0381","JC5279","JIH0079","JC5852","JC6311","JIH0409"]}
[2025-07-29 12:46:56] [INFO] Shift 2 (11:00 AM) - Job Started
[2025-07-29 12:47:12] [INFO] Shift 2 (11:00 AM) - Success: {"success":false,"message":"Error updating attendance","error":"Timeout: Request failed to complete in 15000ms"}
[2025-07-29 12:47:12] [INFO] Shift 3 (02:00 PM) - Job Started
[2025-07-29 12:47:28] [INFO] Shift 3 (02:00 PM) - Success: {"success":false,"message":"Error updating attendance","error":"Timeout: Request failed to complete in 15000ms"}
[2025-07-29 12:47:28] [INFO] ✅ All shift jobs completed sequentially.
[2025-07-29 13:07:38] [INFO] ⏰ Labour Sequential Cron Scheduled Successfully
[2025-07-29 13:07:39] [INFO] ⏰ Labour Sequential Cron Scheduled Successfully
[2025-07-29 13:08:00] [INFO] ⏰ Running all shift jobs sequentially...
[2025-07-29 13:08:00] [INFO] Shift 1 (08:00 AM) - Job Started
[2025-07-29 13:19:54] [INFO] Shift 1 (08:00 AM) - Success: {"success":true,"message":"✅ Attendance Updated Successfully","totalNullFirstPunch":4383,"matchedCount":230,"matchedLabourIds":["JC5356","JC5855","JIH0194","JC5121","JC6049","JC6016","JC5371","JIH0157","JC5899","JIH0191","JC6101","JIH0382","JC5406","JC4564","JIH0236","JC5929","JIH0292","JC4989","JC4265","JC5383","JIH0239","JIH0268","JC3543","JC5600","JC5124","JC5543","JC5814","JC5892","JC5885","JC5663","JC5545","JC5704","JC6313","JC2637","JIH0411","JC6143","JIH0192","JC0966","JC5438","JIH0383","JC5217","JC5678","JC6094","JC4074","JC5710","JIH0156","JC5802","JC6158","JC6175","JC4925","JC5621","JC5773","JC4037","JC5440","JC4910","JC5423","JC5838","JC5897","JC6213","JIH0238","JC0006","JIH0021","JIH0360","JC6006","JC4983","JC5335","JIH0406","JIH0174","JIH0412","JIH0429","JC2679","JIH0180","JC5876","JIH0020","JIH0116","JC5686","JC5982","JIH0261","JC5129","JC6084","JC4491","JC5032","JIH0232","JC5127","JIH0177","JC5506","JIH0442","JC0630","JC6091","JC6159","JIH0235","JC4958","JC6176","JC4672","JC5209","JC5276","JC6044","JIH0350","JC2982","JC5492","JC6123","JC6231","JIH0027","JC6005","JIH0117","JC4101","JC5431","JC4311","JIH0423","JC4685","JC5113","JC5774","JIH0164","JC5634","JC4449","JC4247","JIH0176","JIH0288","JC5011","JC5248","JC5633","JIH0305","JC6180","JC4419","JIH0226","JIH0272","JC5689","JC6181","JC5513","JIH0304","JC5752","JC5877","JC4693","JC5407","JIH0068","JC4579","JC5758","JIH0031","JC4114","JIH0342","JC6204","JC4178","JC6017","JC5304","JC5573","JIH0188","JC6299","JC6061","JC3034","JC5983","JC5940","JC6283","JIH0381","JC5279","JIH0079","JC5852","JC6311","JIH0409","JC1108","JIH0182","JC1171","JC4647","JC6139","JIH0262","JC6133","JC5472","JC5730","JIH0310","JC5888","JC4867","JIH0201","JIH0019","JC5503","JIH0260","JC6223","JIH0067","JC5548","JC6205","JC5851","JC5811","JIH0247","JC0021","JIH0410","JC4558","JIH0385","JIH0045","JIH0237","JC5540","JC5933","JC5726","JC5947","JC5587","JC6040","JIH0405","JC5439","JC5759","JC5879","JC4704","JC5515","JC6113","JIH0051","JC5969","JC2077","JC5697","JC5719","JC5635","JC5463","JC4118","JC4762","JC6012","JC5273","JC5514","JC6201","JC5706","JC5058","JC6174","JC5181","JIH0275","JC6046","JC4807","JC5715","JC5694","JIH0029","JC4639","JC5707","JC5397","JC6050","JC5255","JC5675","JC4658"]}
[2025-07-29 13:19:54] [INFO] Shift 2 (11:00 AM) - Job Started
[2025-07-29 13:32:09] [INFO] Shift 2 (11:00 AM) - Success: {"success":true,"message":"✅ Attendance Updated Successfully","totalNullFirstPunch":4383,"matchedCount":230,"matchedLabourIds":["JC5752","JC5877","JC4693","JC5407","JIH0068","JC4579","JC5758","JIH0031","JC4114","JIH0342","JC6204","JC4178","JC5304","JC6017","JC5573","JIH0188","JC6299","JC5929","JIH0292","JC4989","JC4265","JC5383","JIH0239","JIH0268","JC3543","JC5600","JC5124","JC5543","JC5814","JC5892","JC5885","JC5663","JC5545","JC1108","JIH0182","JC1171","JC4647","JIH0262","JC6139","JC5472","JC6133","JC5730","JIH0310","JC5888","JC4867","JIH0201","JIH0019","JC5503","JIH0260","JC6223","JIH0067","JC5548","JC6205","JC5851","JC5811","JIH0247","JIH0177","JC5506","JIH0442","JC0630","JC6091","JC6159","JIH0235","JC4958","JC6176","JC5726","JC5947","JC5587","JC6040","JIH0405","JC5439","JC5759","JC5879","JC4704","JC5515","JC6113","JC5969","JIH0051","JC2077","JC5697","JC5719","JC5514","JC6201","JC5706","JC5058","JC6174","JC5181","JIH0275","JC4807","JC6046","JC5715","JC5694","JIH0029","JC4639","JC5707","JC5397","JC6050","JC5463","JC5635","JC4118","JC4762","JC5273","JC6012","JC5704","JC6313","JC2637","JIH0411","JC6143","JIH0192","JC0966","JC5438","JIH0383","JC5217","JC6094","JC5678","JC4074","JC5710","JIH0156","JC6158","JC5802","JIH0412","JC5356","JC5855","JIH0194","JC5121","JC6049","JC6016","JC5371","JC5899","JIH0157","JIH0191","JC6101","JIH0382","JC5406","JC4564","JIH0236","JC6175","JC4925","JC5621","JC5773","JC4037","JC5440","JC4910","JC5423","JC5838","JC5897","JC6213","JIH0238","JC0006","JIH0021","JC6006","JIH0360","JC4983","JC5335","JIH0406","JIH0174","JC4672","JC5209","JC5276","JIH0350","JC6044","JC2982","JC5492","JC6123","JC6231","JIH0027","JIH0117","JC6005","JC4101","JC5431","JC4311","JIH0423","JC6061","JC3034","JC5983","JC5940","JIH0381","JC6283","JC5279","JIH0079","JC5852","JC6311","JIH0409","JIH0429","JC2679","JIH0180","JC5876","JIH0020","JIH0116","JC5686","JC5982","JIH0261","JC5129","JC6084","JC4491","JC5032","JIH0232","JC5127","JC5255","JC4658","JC5675","JC4685","JC5113","JC5774","JIH0164","JC5634","JC4449","JC4247","JIH0176","JIH0288","JC5248","JC5011","JC5633","JIH0305","JC6180","JC4419","JIH0226","JIH0272","JC5689","JC6181","JIH0304","JC5513","JC0021","JIH0410","JC4558","JIH0385","JIH0045","JC5540","JIH0237","JC5933"]}
[2025-07-29 13:32:09] [INFO] Shift 3 (02:00 PM) - Job Started
[2025-07-29 13:44:20] [INFO] Shift 3 (02:00 PM) - Success: {"success":true,"message":"✅ Attendance Updated Successfully","totalNullFirstPunch":4383,"matchedCount":230,"matchedLabourIds":["JC5929","JIH0292","JC4989","JC4265","JC5383","JIH0239","JIH0268","JC3543","JC5600","JC5124","JC5543","JC5814","JC5892","JC5885","JC5663","JC5545","JC5855","JC5356","JIH0194","JC5121","JC6049","JC6016","JC5371","JC5899","JIH0157","JIH0191","JC6101","JIH0382","JC5406","JC4564","JIH0236","JC5704","JC6313","JC2637","JIH0411","JC6143","JIH0192","JC0966","JC5438","JIH0383","JC5217","JC5678","JC6094","JC4074","JC5710","JIH0156","JC5802","JC6158","JC5752","JC5877","JC4693","JC5407","JIH0068","JC4579","JC5758","JIH0031","JC4114","JIH0342","JC6204","JC4178","JC6017","JC5304","JC5573","JIH0188","JC6299","JC6175","JC4925","JC5621","JC5773","JC4037","JC4910","JC5440","JC5423","JC5838","JC5897","JC6213","JIH0238","JC0006","JIH0021","JC6006","JIH0360","JC4983","JC5335","JIH0406","JIH0174","JIH0177","JC5506","JIH0442","JC0630","JC6091","JC6159","JIH0235","JC4958","JC6176","JC1108","JIH0182","JC1171","JC4647","JIH0262","JC6139","JC5472","JC6133","JC5730","JIH0310","JC5888","JC4867","JIH0201","JIH0019","JC5503","JIH0260","JC6223","JIH0067","JC5548","JC6205","JC5851","JC5811","JIH0247","JIH0412","JIH0429","JC2679","JIH0180","JC5876","JIH0020","JIH0116","JC5686","JC5982","JIH0261","JC5129","JC6084","JC4491","JC5032","JIH0232","JC5127","JC4672","JC5209","JC5276","JC6044","JIH0350","JC2982","JC5492","JC6123","JC6231","JIH0027","JIH0117","JC6005","JC4101","JC5431","JC4311","JIH0423","JC6201","JC5514","JC5706","JC5058","JC6174","JC5181","JIH0275","JC4807","JC6046","JC5715","JC5694","JIH0029","JC4639","JC5707","JC5397","JC6050","JC5255","JC5675","JC4658","JC4685","JC5113","JC5774","JIH0164","JC5634","JC4449","JC4247","JIH0176","JIH0288","JC5011","JC5248","JC5633","JIH0305","JC6180","JC4419","JIH0226","JIH0272","JC5689","JC6181","JC5513","JIH0304","JC0021","JIH0410","JC4558","JIH0385","JIH0045","JC5540","JIH0237","JC5933","JC6061","JC3034","JC5983","JC5940","JC6283","JIH0381","JC5279","JIH0079","JC5852","JC6311","JIH0409","JC5726","JC5587","JC5947","JC6040","JIH0405","JC5439","JC5759","JC5879","JC4704","JC5515","JC6113","JIH0051","JC5969","JC2077","JC5697","JC5719","JC5635","JC5463","JC4118","JC4762","JC6012","JC5273"]}
[2025-07-29 13:44:20] [INFO] ✅ All shift jobs completed sequentially.
[2025-07-29 15:48:17] [INFO] ⏰ Labour Sequential Cron Scheduled Successfully
[2025-07-29 18:35:10] [INFO] ⏰ Labour Sequential Cron Scheduled Successfully
[2025-07-29 18:35:14] [INFO] ⏰ Labour Sequential Cron Scheduled Successfully
[2025-07-29 18:37:41] [INFO] ⏰ Labour Sequential Cron Scheduled Successfully
[2025-07-29 18:37:45] [INFO] ⏰ Labour Sequential Cron Scheduled Successfully
[2025-07-29 18:49:19] [INFO] ⏰ Labour Sequential Cron Scheduled Successfully
[2025-07-29 18:49:43] [INFO] ⏰ Labour Sequential Cron Scheduled Successfully
